=== COMMAND ===
python3 scripts/check_phase2_meta.py 
=== ENV ===
node: v22.22.3
python3: Python 3.9.6
chrome: "Browser": "Chrome/151.0.7922.138"
cwd: /Users/radek/PROJECTS/daf-daz-site
date: 2026-08-16 01:06:13 +0200
=== STDOUT+STDERR ===
--- deutsch-privatunterricht-wien/index.html
  title: Privatunterricht Deutsch in Wien | Radosław Pleskot
  H1 count: 1 | H1: Privatunterricht Deutsch in Wien
  total words: 608
--- deutsch-fuer-polnischsprachige-wien/index.html
  title: Deutsch für Polnischsprachige in Wien | Radosław Pleskot
  H1 count: 1 | H1: Deutsch für Polnischsprachige in Wien
  total words: 739
--- pl/niemiecki-dla-polakow-wieden/index.html
  title: Niemiecki dla Polaków w Wiedniu | Radosław Pleskot
  H1 count: 1 | H1: Niemiecki dla Polaków w Wiedniu
  total words: 682
--- pl/przygotowanie-oeif-oesd-wieden/index.html
  title: Przygotowanie do egzaminów ÖIF i ÖSD w Wiedniu | Radosław Pleskot
  H1 count: 1 | H1: Przygotowanie do egzaminów ÖIF i ÖSD w Wiedniu
  total words: 710
=== EXIT CODE: 0 ===
