=== COMMAND ===
node scripts/phase3_verify.mjs 
=== ENV ===
node: v22.22.3
python3: Python 3.9.6
chrome: "Browser": "Chrome/151.0.7922.138"
cwd: /Users/radek/PROJECTS/daf-daz-site
date: 2026-08-16 01:06:13 +0200
=== STDOUT+STDERR ===
PASS  index DE: hero CTA above the fold — top=541px vh=844 text="Kostenloses Erstgespräch vereinbaren"
PASS  index DE: CTA after prices — text="Kostenloses Erstgespräch vereinbaren"
PASS  form: fields fillable (no submit) — level=B1 goal=arbeit
PASS  form: action=Formspree, method=POST (untouched) — https://formspree.io/f/xqeeogvv
PASS  form: UTM fields empty without UTM in URL (fail-safe) — utm_source="" landing_page="/"
PASS  form: UTM captured from URL — source=google medium=cpc landing=/?utm_source=google&utm_medium=cpc&utm_campaign=test
PASS  landing DE: CTA after prices section — text="Kostenloses Erstgespräch vereinbaren" href="/?landing_page=%2Fdeutsch-privatunterricht-wien%2F#kontakt"
PASS  landing PL: CTA after prices section — text="Umów bezpłatną konsultację" href="/pl/?landing_page=%2Fpl%2Fniemiecki-dla-polakow-wieden%2F#kontakt"
PASS  a11y: CTA receives keyboard focus — outline=none 3px shadow=rgba(0, 0, 0, 0.15) 0px 4px 14px 0px
PASS  mobile: no horizontal overflow — scrollW=390 vw=390
PASS  form: hint above form — "Was hilft mir? Schreiben Sie kurz, was Sie lernen möchten
  ..."
PASS  index: quick-answer section — 5 items

12/12 checks passed
=== EXIT CODE: 0 ===
